=== SETUP ===
Token: 440 chars, TMPDIR: /tmp

=== 1. AUTH & RBAC ===
[PASS] 1.1 Login
[FAIL] 1.1 Login — HTTP 200
[PASS] 1.2 GET /auth/me
[PASS] 1.3 GET /auth/users
[FAIL] 1.4 Register — 400
[FAIL] 1.5 Login as new user
[PASS] 1.6 Invalid token (401)
[SKIP] 1.7 RBAC
[SKIP] 1.8 Logout

=== 2. DOCUMENT MANAGEMENT ===
[PASS] 2.1 GET /documents/my
[PASS] 2.2 GET /folders/root
[PASS] 2.3 Create folder
  Folder: d0b10aff-c6b1-44b1-9ca6-184f370cb452
[FAIL] 2.4 Upload PDF — HTTP 000
  Body: 
  Doc: 
[FAIL] 2.5 Upload DOCX — 000
[FAIL] 2.6 Upload PNG — 000
[SKIP] 2.7 (no doc)
[SKIP] 2.8 (no doc)
[SKIP] 2.9 (no doc)
[SKIP] 2.10 (no doc)
[SKIP] 2.11 (no doc)
[SKIP] 2.12 (no doc)
[SKIP] 2.13 (no doc)
[SKIP] 2.14 (no doc)
[PASS] 2.15 Docs in folder
[PASS] 2.16 Folder children

=== 3. WORKFLOW ENGINE ===
[PASS] 3.1 GET /workflow/definitions
  WF Def: d0000000-0000-0000-0000-000000000001
[PASS] 3.2 GET definition/{id}
[FAIL] 3.3 Instances — 500
[SKIP] 3.4 Start workflow (doc= def=d0000000-0000-0000-0000-000000000001)
[SKIP] 3.5 GET instance/{id}
[FAIL] 3.6 Approvals — 500
[FAIL] 3.7 Templates — 500
[FAIL] 3.8 Forwards — 500

=== 4. SEARCH ===
[PASS] 4.1 Keyword search
[PASS] 4.2 Filtered search
[FAIL] 4.3 Advanced — 500
[FAIL] 4.4 Suggestions — 500
[FAIL] 4.5 Reindex — 500

=== 5. RETENTION & COMPLIANCE ===
[PASS] 5.1 GET /retention/policies
[FAIL] 5.2 Create policy — 400
[SKIP] 5.3 GET policy/{id}
[FAIL] 5.4 Legal hold — 500
[FAIL] 5.5 Legal holds — 500
[FAIL] 5.6 Dispositions — 500
[PASS] 5.7 GET jurisdictions

=== 6. AUDIT ===
[FAIL] 6.1 Logs — 500
[PASS] 6.2 GET /audit/recent
[FAIL] 6.3 Search — 500
[PASS] 6.4 Audit stats
[FAIL] 6.5 Dashboard — 500
[FAIL] 6.6 Compliance — 500

=== 7. NOTIFICATIONS ===
[FAIL] 7.1 Notifications — 500
[FAIL] 7.2 Unread — 500
[FAIL] 7.3 Preferences — 500

=== 8. PLUGINS ===
[PASS] 8.1 GET /auth/plugins
[FAIL] 8.2 Register — 500

=== 9. INTEGRATION ===
[PASS] 9.1 Health: auth (8201)
[FAIL] 9.1 Health: document (8202) — 500
[FAIL] 9.1 Health: workflow (8203) — 500
[FAIL] 9.1 Health: search (8204) — 503
[PASS] 9.1 Health: retention (8205)
[PASS] 9.1 Health: audit (8206)
[FAIL] 9.1 Health: notification (8207) — 000
[PASS] 9.2 Gateway -> auth/me
[PASS] 9.2 Gateway -> documents/my
[PASS] 9.2 Gateway -> workflow/definitions
[PASS] 9.2 Gateway -> search?q=test
[PASS] 9.2 Gateway -> retention/policies
[FAIL] 9.2 Gateway -> audit/logs — 500
[FAIL] 9.2 Gateway -> notification — 500

=== 10. EDGE CASES ===
[PASS] 10.1 Large query — 200
[PASS] 10.2 Empty login (400)
[PASS] 10.3 No auth header (401)
[PASS] 10.4 Invalid UUID (500)
[PASS] 10.5 Not found (404)
[SKIP] 10.6 DELETE document

============================================
           FINAL TEST RESULTS
============================================
PASSED:  31
FAILED:  31
SKIPPED: 14
TOTAL:   76
============================================

--- FAILURES ---
[FAIL] 1.1 Login — HTTP 200
[FAIL] 1.4 Register — 400
[FAIL] 1.5 Login as new user
[FAIL] 2.4 Upload PDF — HTTP 000
[FAIL] 2.5 Upload DOCX — 000
[FAIL] 2.6 Upload PNG — 000
[FAIL] 3.3 Instances — 500
[FAIL] 3.6 Approvals — 500
[FAIL] 3.7 Templates — 500
[FAIL] 3.8 Forwards — 500
[FAIL] 4.3 Advanced — 500
[FAIL] 4.4 Suggestions — 500
[FAIL] 4.5 Reindex — 500
[FAIL] 5.2 Create policy — 400
[FAIL] 5.4 Legal hold — 500
[FAIL] 5.5 Legal holds — 500
[FAIL] 5.6 Dispositions — 500
[FAIL] 6.1 Logs — 500
[FAIL] 6.3 Search — 500
[FAIL] 6.5 Dashboard — 500
[FAIL] 6.6 Compliance — 500
[FAIL] 7.1 Notifications — 500
[FAIL] 7.2 Unread — 500
[FAIL] 7.3 Preferences — 500
[FAIL] 8.2 Register — 500
[FAIL] 9.1 Health: document (8202) — 500
[FAIL] 9.1 Health: workflow (8203) — 500
[FAIL] 9.1 Health: search (8204) — 503
[FAIL] 9.1 Health: notification (8207) — 000
[FAIL] 9.2 Gateway -> audit/logs — 500
[FAIL] 9.2 Gateway -> notification — 500

--- SKIPS ---
[SKIP] 1.7 RBAC
[SKIP] 1.8 Logout
[SKIP] 2.7 (no doc)
[SKIP] 2.8 (no doc)
[SKIP] 2.9 (no doc)
[SKIP] 2.10 (no doc)
[SKIP] 2.11 (no doc)
[SKIP] 2.12 (no doc)
[SKIP] 2.13 (no doc)
[SKIP] 2.14 (no doc)
[SKIP] 3.4 Start workflow (doc= def=d0000000-0000-0000-0000-000000000001)
[SKIP] 3.5 GET instance/{id}
[SKIP] 5.3 GET policy/{id}
[SKIP] 10.6 DELETE document

Saved to test_results_final.txt
